mimalloc: process init: 0x7F9BD5872E40
v3.5.2, release
option 'show_errors': 0 
option 'show_stats': 0 
option 'verbose': 1 
option 'deprecated_eager_commit': 1 
option 'arena_eager_commit': 2 
option 'purge_decommits': 1 
option 'allow_large_os_pages': 0 
option 'reserve_huge_os_pages': 0 
option 'reserve_huge_os_pages_at': -1 
option 'reserve_os_memory': 0 KiB
option 'deprecated_segment_cache': 0 
option 'deprecated_page_reset': 0 
option 'deprecated_abandoned_page_purge': 0 
option 'deprecated_segment_reset': 0 
option 'deprecated_eager_commit_delay': 1 
option 'purge_delay': 100 
option 'use_numa_nodes': 0 
option 'disallow_os_alloc': 0 
option 'os_tag': 240 
option 'max_errors': 32 
option 'max_warnings': 32 
option 'deprecated_max_segment_reclaim': 10 
option 'destroy_on_exit': 0 
option 'arena_reserve': 1048576 KiB
option 'arena_purge_mult': 1 
option 'deprecated_purge_extend_delay': 1 
option 'disallow_arena_alloc': 0 
option 'retry_on_oom': 400 
option 'deprecated_visit_abandoned': 1 
option 'guarded_min': 0 
option 'guarded_max': 1073741824 
option 'guarded_precise': 0 
option 'guarded_sample_rate': 0 
option 'guarded_sample_seed': 0 
option 'generic_collect': 10000 
option 'page_reclaim_on_free': 0 
option 'page_full_retain': 2 
option 'page_max_candidates': 4 
option 'max_vabits': 0 
option 'pagemap_commit': 0 
option 'page_commit_on_demand': 0 
option 'page_max_reclaim': -1 
option 'page_cross_thread_max_reclaim': 32 
option 'allow_thp': 0 
option 'minimal_purge_size': 0 KiB
option 'arena_max_object_size': 2097152 KiB
option 'arena_is_numa_local': 0 
option 'collect_merges_stats': 1 
option 'snapshot_on_exit': 0 
option 'scavenger': 1 
option 'purge_holes': 1 
option 'purge_holes_eager_zero': 0 
option 'purge_holes_min_interval': 100 
option 'purge_holes_full_every': 64 
option 'purge_holes_large_floor': 4096 KiB
option 'purge_holes_large_floor_epochs': 256 
free mode   : pagemap, page size: 168
profiling   : enabled
mem tracking: none
debug level : 0
secure level: 0
padding     : none
mimalloc: reserved 1048576 KiB memory
[rss-repro] bun=1.4.3 pid=3204 iters=1500 bytes=4000000 hold=8 sample-every=250 gc-every=500
[rss-repro] env: MIMALLOC_VERBOSE=1 MIMALLOC_PURGE_DELAY= MI_VERBOSE=
t=     2ms r=    0    churn rss=  15.8MB jsc.cap=   0.6MB jsc.size=   0.2MB extra=    0MB ab=    0MB overhead=  15.2MB
t=   653ms r=  250    churn rss= 377.5MB jsc.cap= 156.8MB jsc.size=   106MB extra=   79MB ab=    0MB overhead= 141.7MB
t=  1285ms r=  500    churn rss= 411.6MB jsc.cap= 100.3MB jsc.size=  50.6MB extra=   38MB ab=    0MB overhead= 273.2MB
t=  1315ms r=  500  post-gc rss=  44.6MB jsc.cap=     1MB jsc.size=   0.2MB extra=  0.1MB ab=    0MB overhead=  43.6MB
t=  1912ms r=  750    churn rss= 361.8MB jsc.cap= 105.1MB jsc.size=  55.5MB extra= 41.7MB ab=    0MB overhead=   215MB
t=  2495ms r= 1000    churn rss= 354.5MB jsc.cap= 147.1MB jsc.size= 103.9MB extra= 77.4MB ab=    0MB overhead=   130MB
t=  2525ms r= 1000  post-gc rss=  45.3MB jsc.cap=     1MB jsc.size=   0.2MB extra=  0.1MB ab=    0MB overhead=  44.3MB
t=  3121ms r= 1250    churn rss= 387.5MB jsc.cap= 144.5MB jsc.size= 101.8MB extra= 76.5MB ab=    0MB overhead= 166.6MB
t=  3727ms r= 1500    churn rss= 380.3MB jsc.cap= 148.3MB jsc.size= 108.5MB extra= 81.2MB ab=    0MB overhead= 150.7MB
t=  3762ms r= 1500  post-gc rss=  44.8MB jsc.cap=     1MB jsc.size=   0.2MB extra=  0.1MB ab=    0MB overhead=  43.7MB
t= 18766ms r= 1500  post-gc rss=  34.2MB jsc.cap=   0.6MB jsc.size=   0.2MB extra=    0MB ab=    0MB overhead=  33.6MB
