mimalloc: process init: 0x7F25D643E200
v3.3.1, release (built on May  8 2026, 20:47:24)
option 'show_errors': 0 
option 'show_stats': 0 
option 'verbose': 1 
option 'deprecated_eager_commit': 1 
option 'arena_eager_commit': 2 
option 'purge_decommits': 1 
option 'allow_large_os_pages': 0 
option 'reserve_huge_os_pages': 0 
option 'reserve_huge_os_pages_at': -1 
option 'reserve_os_memory': 0 KiB
option 'deprecated_segment_cache': 0 
option 'deprecated_page_reset': 0 
option 'deprecated_abandoned_page_purge': 0 
option 'deprecated_segment_reset': 0 
option 'deprecated_eager_commit_delay': 1 
option 'purge_delay': 0 
option 'use_numa_nodes': 0 
option 'disallow_os_alloc': 0 
option 'os_tag': 100 
option 'max_errors': 32 
option 'max_warnings': 32 
option 'deprecated_max_segment_reclaim': 10 
option 'destroy_on_exit': 0 
option 'arena_reserve': 1048576 KiB
option 'arena_purge_mult': 0 
option 'deprecated_purge_extend_delay': 1 
option 'disallow_arena_alloc': 0 
option 'retry_on_oom': 400 
option 'visit_abandoned': 0 
option 'guarded_min': 0 
option 'guarded_max': 1073741824 
option 'guarded_precise': 0 
option 'guarded_sample_rate': 0 
option 'guarded_sample_seed': 0 
option 'generic_collect': 10000 
option 'page_reclaim_on_free': 0 
option 'page_full_retain': 2 
option 'page_max_candidates': 4 
option 'max_vabits': 0 
option 'pagemap_commit': 0 
option 'page_commit_on_demand': 0 
option 'page_max_reclaim': -1 
option 'page_cross_thread_max_reclaim': 32 
option 'allow_thp': 0 
option 'minimal_purge_size': 0 KiB
option 'arena_max_object_size': 2097152 KiB
debug level : 0
secure level: 0
mem tracking: none
mimalloc: reserved 1048576 KiB memory
[rss-repro] bun=1.3.14 pid=4618 iters=1500 bytes=4000000 hold=8 sample-every=500 gc-every=500
[rss-repro] env: MIMALLOC_VERBOSE=1 MIMALLOC_PURGE_DELAY=0 MI_VERBOSE=
t=     1ms r=    0    churn rss=  32.7MB jsc.cap=   0.7MB jsc.size=   0.2MB extra=    0MB ab=    0MB overhead=    32MB
t=  1525ms r=  500    churn rss= 525.7MB jsc.cap= 168.9MB jsc.size= 110.5MB extra= 76.3MB ab=    0MB overhead= 280.4MB
t=  1549ms r=  500  post-gc rss= 525.5MB jsc.cap=     1MB jsc.size=   0.3MB extra=  0.1MB ab=    0MB overhead= 524.4MB
t=  2984ms r= 1000    churn rss= 503.3MB jsc.cap= 176.2MB jsc.size= 118.2MB extra= 82.2MB ab=    0MB overhead= 244.9MB
t=  3011ms r= 1000  post-gc rss= 503.5MB jsc.cap=     1MB jsc.size=   0.3MB extra=  0.1MB ab=    0MB overhead= 502.4MB
t=  4396ms r= 1500    churn rss=   494MB jsc.cap= 126.5MB jsc.size=  56.2MB extra= 39.1MB ab=    0MB overhead= 328.4MB
t=  4420ms r= 1500  post-gc rss=   494MB jsc.cap=     1MB jsc.size=   0.3MB extra=  0.1MB ab=    0MB overhead= 492.9MB
t= 19424ms r= 1500  post-gc rss=  41.5MB jsc.cap=   0.6MB jsc.size=   0.2MB extra=    0MB ab=    0MB overhead=  40.8MB
