mimalloc: process init: 0x7F95018AA200
v3.3.1, release (built on May  8 2026, 20:47:24)
option 'show_errors': 0 
option 'show_stats': 0 
option 'verbose': 1 
option 'deprecated_eager_commit': 1 
option 'arena_eager_commit': 2 
option 'purge_decommits': 1 
option 'allow_large_os_pages': 0 
option 'reserve_huge_os_pages': 0 
option 'reserve_huge_os_pages_at': -1 
option 'reserve_os_memory': 0 KiB
option 'deprecated_segment_cache': 0 
option 'deprecated_page_reset': 0 
option 'deprecated_abandoned_page_purge': 0 
option 'deprecated_segment_reset': 0 
option 'deprecated_eager_commit_delay': 1 
option 'purge_delay': 1000 
option 'use_numa_nodes': 0 
option 'disallow_os_alloc': 0 
option 'os_tag': 100 
option 'max_errors': 32 
option 'max_warnings': 32 
option 'deprecated_max_segment_reclaim': 10 
option 'destroy_on_exit': 0 
option 'arena_reserve': 1048576 KiB
option 'arena_purge_mult': 1 
option 'deprecated_purge_extend_delay': 1 
option 'disallow_arena_alloc': 0 
option 'retry_on_oom': 400 
option 'visit_abandoned': 0 
option 'guarded_min': 0 
option 'guarded_max': 1073741824 
option 'guarded_precise': 0 
option 'guarded_sample_rate': 0 
option 'guarded_sample_seed': 0 
option 'generic_collect': 10000 
option 'page_reclaim_on_free': 0 
option 'page_full_retain': 2 
option 'page_max_candidates': 4 
option 'max_vabits': 0 
option 'pagemap_commit': 0 
option 'page_commit_on_demand': 0 
option 'page_max_reclaim': -1 
option 'page_cross_thread_max_reclaim': 32 
option 'allow_thp': 0 
option 'minimal_purge_size': 0 KiB
option 'arena_max_object_size': 2097152 KiB
debug level : 0
secure level: 0
mem tracking: none
mimalloc: reserved 1048576 KiB memory
[rss-repro] bun=1.3.14 pid=3717 iters=1500 bytes=4000000 hold=8 sample-every=250 gc-every=500
[rss-repro] env: MIMALLOC_VERBOSE=1 MIMALLOC_PURGE_DELAY= MI_VERBOSE=
t=     1ms r=    0    churn rss=  33.7MB jsc.cap=   0.7MB jsc.size=   0.2MB extra=    0MB ab=    0MB overhead=    33MB
t=   898ms r=  250    churn rss= 516.9MB jsc.cap= 238.8MB jsc.size= 178.2MB extra=123.3MB ab=    0MB overhead= 154.8MB
t=  1675ms r=  500    churn rss= 507.1MB jsc.cap= 123.8MB jsc.size=  61.8MB extra= 42.9MB ab=    0MB overhead= 340.3MB
t=  1701ms r=  500  post-gc rss= 503.4MB jsc.cap=     1MB jsc.size=   0.3MB extra=  0.1MB ab=    0MB overhead= 502.3MB
t=  2449ms r=  750    churn rss=   484MB jsc.cap= 105.7MB jsc.size=  59.8MB extra= 41.7MB ab=    0MB overhead= 336.6MB
t=  3261ms r= 1000    churn rss= 481.9MB jsc.cap= 152.3MB jsc.size= 115.4MB extra= 80.3MB ab=    0MB overhead= 249.4MB
t=  3288ms r= 1000  post-gc rss= 481.9MB jsc.cap=     1MB jsc.size=   0.3MB extra=  0.1MB ab=    0MB overhead= 480.8MB
t=  4020ms r= 1250    churn rss= 513.5MB jsc.cap= 102.6MB jsc.size=  56.3MB extra= 39.2MB ab=    0MB overhead= 371.7MB
t=  4730ms r= 1500    churn rss= 475.1MB jsc.cap=   195MB jsc.size= 123.8MB extra= 86.1MB ab=    0MB overhead= 194.1MB
t=  4754ms r= 1500  post-gc rss= 472.2MB jsc.cap=     1MB jsc.size=   0.3MB extra=  0.1MB ab=    0MB overhead= 471.2MB
t= 19759ms r= 1500  post-gc rss=  42.1MB jsc.cap=   0.6MB jsc.size=   0.2MB extra=    0MB ab=    0MB overhead=  41.5MB
